// Jest Snapshot v1, https://goo.gl/fbAQLP

exports[`Pagination default 1`] = `
<DocumentFragment>
  .c1 {
  border-color: #c5cbcf;
  border-style: solid;
  border-width: 1px 0 1px 1px;
}

.c1:first-of-type {
  border-radius: 4px 0 0 4px;
}

.c1:last-of-type {
  border-right-width: 1px;
  border-radius: 0 4px 4px 0;
}

.c3 {
  font-size: 13px;
  color: #333333;
}

.c3:hover {
  color: #333333;
}

.c2 {
  color: #3B7DE9;
  display: inline-block;
  -webkit-text-decoration: none;
  text-decoration: none;
  padding: 5px 14px;
  border-radius: inherit;
  background-color: #fff;
}

.c2:hover {
  color: #fff;
  background-color: #3B7DE9;
}

.c2[aria-disabled="true"] {
  pointer-events: none;
  cursor: auto;
  color: #d8dade;
}

.c2[aria-current] {
  color: #333;
  font-weight: bold;
  background-color: #fafafa;
}

.c2 svg,
.c2 svg:hover {
  color: inherit;
  fill: currentColor;
}

.c0 {
  list-style: none;
  display: -webkit-box;
  display: -webkit-flex;
  display: -ms-flexbox;
  display: flex;
  padding: 0;
  margin: 0;
}

<nav
    aria-label="pagination"
    class=""
  >
    <ul
      class="c0"
    >
      <li
        class="c1"
      >
        <a
          aria-disabled="true"
          aria-label="前のページ"
          class="c2"
          disabled=""
          tabindex="-1"
        >
          <svg
            aria-hidden="true"
            class="svg-inline--fa fa-chevron-up fa-w-14 fa-rotate-270 c3"
            data-icon="chevron-up"
            data-prefix="fas"
            focusable="false"
            role="img"
            theme="[object Object]"
            viewBox="0 0 448 512"
            xmlns="http://www.w3.org/2000/svg"
          >
            <path
              d="M240.971 130.524l194.343 194.343c9.373 9.373 9.373 24.569 0 33.941l-22.667 22.667c-9.357 9.357-24.522 9.375-33.901.04L224 227.495 69.255 381.516c-9.379 9.335-24.544 9.317-33.901-.04l-22.667-22.667c-9.373-9.373-9.373-24.569 0-33.941L207.03 130.525c9.372-9.373 24.568-9.373 33.941-.001z"
              fill="currentColor"
            />
          </svg>
        </a>
      </li>
      <li
        class="c1"
      >
        <a
          aria-current="page"
          class="c2"
          href="#"
          tabindex="0"
        >
          1
        </a>
      </li>
      <li
        class="c1"
      >
        <a
          aria-label="次のページ"
          class="c2"
          href="#"
          tabindex="0"
        >
          <svg
            aria-hidden="true"
            class="svg-inline--fa fa-chevron-up fa-w-14 fa-rotate-90 c3"
            data-icon="chevron-up"
            data-prefix="fas"
            focusable="false"
            role="img"
            theme="[object Object]"
            viewBox="0 0 448 512"
            xmlns="http://www.w3.org/2000/svg"
          >
            <path
              d="M240.971 130.524l194.343 194.343c9.373 9.373 9.373 24.569 0 33.941l-22.667 22.667c-9.357 9.357-24.522 9.375-33.901.04L224 227.495 69.255 381.516c-9.379 9.335-24.544 9.317-33.901-.04l-22.667-22.667c-9.373-9.373-9.373-24.569 0-33.941L207.03 130.525c9.372-9.373 24.568-9.373 33.941-.001z"
              fill="currentColor"
            />
          </svg>
        </a>
      </li>
    </ul>
  </nav>
</DocumentFragment>
`;
