// Jest Snapshot v1, https://goo.gl/fbAQLP

exports[`Radio default 1`] = `
<DocumentFragment>
  .c0 {
  display: -webkit-inline-box;
  display: -webkit-inline-flex;
  display: -ms-inline-flexbox;
  display: inline-flex;
  -webkit-align-items: center;
  -webkit-box-align: center;
  -ms-flex-align: center;
  align-items: center;
}

.c2 {
  -webkit-clip: rect(0 0 0 0);
  clip: rect(0 0 0 0);
  -webkit-clip-path: inset(50%);
  clip-path: inset(50%);
  height: 1px;
  overflow: hidden;
  position: absolute;
  white-space: nowrap;
  width: 1px;
}

.c6 {
  display: grid;
  place-items: center;
  margin-right: 4px;
  --radio-state-color: #FFFFFF;
  width: 16px;
  height: 16px;
  background-color: #fff;
  border-radius: 8px;
  border: 5px solid var(--radio-state-color);
}

.c1:checked + .c3 > .c5 {
  --radio-state-color: #3B7DE9;
}

.c1:disabled + .c3 > .c5 {
  --radio-state-color: #D4D8DD;
}

.c4 {
  cursor: pointer;
  display: -webkit-inline-box;
  display: -webkit-inline-flex;
  display: -ms-inline-flexbox;
  display: inline-flex;
  -webkit-align-items: center;
  -webkit-box-align: center;
  -ms-flex-align: center;
  align-items: center;
}

.c1:disabled + .c3 {
  cursor: not-allowed;
  color: #999;
}

<div
    class="c0"
  >
    <input
      class="c1 c2"
      id="radio-1"
      type="radio"
      value=""
    />
    <label
      class="c3 c4"
      for="radio-1"
    >
      <span
        class="c5 c6"
      />
      <span
        class=""
      >
        radio
      </span>
    </label>
  </div>
</DocumentFragment>
`;
