// Jest Snapshot v1, https://goo.gl/fbAQLP

exports[`FlashMessage snapshot test 1`] = `
<DocumentFragment>
  .c0 {
  width: 100%;
  padding: 12px;
  background-color: #E6EAED;
  border-width: 1px;
  border-style: solid;
  border-color: #A9BCDB;
  border-radius: 4px;
  color: #4772B3;
  font-size: 12px;
}

<div
    class="c0"
    color="success"
  >
    flash message
  </div>
</DocumentFragment>
`;
